190.236.27.188 - - [11/Dec/2017:02:06:36 +0100] "POST /wp-admin/admin-ajax.php HTTP/1.1" 200 70 "http://www.espacioperinatal.com/el-ciclo-vital-y-las-crisis-evolutivas/" "Mozilla/5.0 (Windows NT 10.0; Win64; x64) AppleWebKit/537.36 (KHTML, like Gecko) Chrome/62.0.3202.94 Safari/537.36"
190.236.27.188 - - [11/Dec/2017:02:06:36 +0100] "POST /wp-admin/admin-ajax.php HTTP/1.1" 200 71 "http://www.espacioperinatal.com/el-ciclo-vital-y-las-crisis-evolutivas/" "Mozilla/5.0 (Windows NT 10.0; Win64; x64) AppleWebKit/537.36 (KHTML, like Gecko) Chrome/62.0.3202.94 Safari/537.36"
190.236.27.188 - - [11/Dec/2017:02:06:37 +0100] "POST /wp-admin/admin-ajax.php HTTP/1.1" 200 70 "http://www.espacioperinatal.com/el-ciclo-vital-y-las-crisis-evolutivas/" "Mozilla/5.0 (Windows NT 10.0; Win64; x64) AppleWebKit/537.36 (KHTML, like Gecko) Chrome/62.0.3202.94 Safari/537.36"
190.236.27.188 - - [11/Dec/2017:02:06:36 +0100] "POST /wp-admin/admin-ajax.php HTTP/1.1" 200 22 "http://www.espacioperinatal.com/el-ciclo-vital-y-las-crisis-evolutivas/" "Mozilla/5.0 (Windows NT 10.0; Win64; x64) AppleWebKit/537.36 (KHTML, like Gecko) Chrome/62.0.3202.94 Safari/537.36"
190.236.27.188 - - [11/Dec/2017:02:06:38 +0100] "GET /wp-content/uploads/wordpress-popular-posts/799-featured-50x50.jpg HTTP/1.1" 200 1805 "http://www.espacioperinatal.com/el-ciclo-vital-y-las-crisis-evolutivas/" "Mozilla/5.0 (Windows NT 10.0; Win64; x64) AppleWebKit/537.36 (KHTML, like Gecko) Chrome/62.0.3202.94 Safari/537.36"
190.236.27.188 - - [11/Dec/2017:02:06:38 +0100] "GET /wp-content/uploads/wordpress-popular-posts/699-featured-50x50.jpg HTTP/1.1" 200 1763 "http://www.espacioperinatal.com/el-ciclo-vital-y-las-crisis-evolutivas/" "Mozilla/5.0 (Windows NT 10.0; Win64; x64) AppleWebKit/537.36 (KHTML, like Gecko) Chrome/62.0.3202.94 Safari/537.36"
190.236.27.188 - - [11/Dec/2017:02:06:38 +0100] "GET /wp-content/uploads/wordpress-popular-posts/3339-featured-50x50.jpg HTTP/1.1" 200 1484 "http://www.espacioperinatal.com/el-ciclo-vital-y-las-crisis-evolutivas/" "Mozilla/5.0 (Windows NT 10.0; Win64; x64) AppleWebKit/537.36 (KHTML, like Gecko) Chrome/62.0.3202.94 Safari/537.36"
190.236.27.188 - - [11/Dec/2017:02:06:38 +0100] "GET /wp-content/uploads/2017/09/Conferencia-Verny-e1505595401828-150x150.jpg HTTP/1.1" 200 3462 "http://www.espacioperinatal.com/el-ciclo-vital-y-las-crisis-evolutivas/" "Mozilla/5.0 (Windows NT 10.0; Win64; x64) AppleWebKit/537.36 (KHTML, like Gecko) Chrome/62.0.3202.94 Safari/537.36"
190.236.27.188 - - [11/Dec/2017:02:06:38 +0100] "GET /wp-content/themes/Extra/images/pagination-loading.gif HTTP/1.1" 200 1422 "http://www.espacioperinatal.com/el-ciclo-vital-y-las-crisis-evolutivas/" "Mozilla/5.0 (Windows NT 10.0; Win64; x64) AppleWebKit/537.36 (KHTML, like Gecko) Chrome/62.0.3202.94 Safari/537.36"
190.236.27.188 - - [11/Dec/2017:02:06:38 +0100] "GET /wp-content/uploads/wordpress-popular-posts/2213-featured-50x50.jpg HTTP/1.1" 200 2133 "http://www.espacioperinatal.com/el-ciclo-vital-y-las-crisis-evolutivas/" "Mozilla/5.0 (Windows NT 10.0; Win64; x64) AppleWebKit/537.36 (KHTML, like Gecko) Chrome/62.0.3202.94 Safari/537.36"
190.236.27.188 - - [11/Dec/2017:02:06:38 +0100] "POST /wp-admin/admin-ajax.php HTTP/1.1" 200 70 "http://www.espacioperinatal.com/el-ciclo-vital-y-las-crisis-evolutivas/" "Mozilla/5.0 (Windows NT 10.0; Win64; x64) AppleWebKit/537.36 (KHTML, like Gecko) Chrome/62.0.3202.94 Safari/537.36"
190.236.27.188 - - [11/Dec/2017:02:06:38 +0100] "GET /wp-content/uploads/wordpress-popular-posts/1896-featured-50x50.jpg HTTP/1.1" 200 1541 "http://www.espacioperinatal.com/el-ciclo-vital-y-las-crisis-evolutivas/" "Mozilla/5.0 (Windows NT 10.0; Win64; x64) AppleWebKit/537.36 (KHTML, like Gecko) Chrome/62.0.3202.94 Safari/537.36"
190.236.27.188 - - [11/Dec/2017:02:06:38 +0100] "GET /wp-content/uploads/2016/07/ls_newborn_iStock_000003211894Large_free-e1469263971539.jpg HTTP/1.1" 200 31615 "http://www.espacioperinatal.com/el-ciclo-vital-y-las-crisis-evolutivas/" "Mozilla/5.0 (Windows NT 10.0; Win64; x64) AppleWebKit/537.36 (KHTML, like Gecko) Chrome/62.0.3202.94 Safari/537.36"
190.236.27.188 - - [11/Dec/2017:02:06:39 +0100] "GET /wp-content/uploads/2017/04/Parto-Leboyer-150x150.jpg HTTP/1.1" 200 4213 "http://www.espacioperinatal.com/el-ciclo-vital-y-las-crisis-evolutivas/" "Mozilla/5.0 (Windows NT 10.0; Win64; x64) AppleWebKit/537.36 (KHTML, like Gecko) Chrome/62.0.3202.94 Safari/537.36"
190.236.27.188 - - [11/Dec/2017:02:06:39 +0100] "GET /wp-content/uploads/2017/03/Mom_and_Premature_Baby_at_Kapiolani-150x150.jpg HTTP/1.1" 200 5344 "http://www.espacioperinatal.com/el-ciclo-vital-y-las-crisis-evolutivas/" "Mozilla/5.0 (Windows NT 10.0; Win64; x64) AppleWebKit/537.36 (KHTML, like Gecko) Chrome/62.0.3202.94 Safari/537.36"
190.236.27.188 - - [11/Dec/2017:02:06:39 +0100] "GET /wp-content/uploads/2016/07/cropped-logo-espacio-perinatal-transparente-e1483562017107.png HTTP/1.1" 200 14809 "http://www.espacioperinatal.com/el-ciclo-vital-y-las-crisis-evolutivas/" "Mozilla/5.0 (Windows NT 10.0; Win64; x64) AppleWebKit/537.36 (KHTML, like Gecko) Chrome/62.0.3202.94 Safari/537.36"
190.236.27.188 - - [11/Dec/2017:02:06:39 +0100] "GET /wp-content/uploads/2017/09/Conferencia-Verny-e1505595401828.jpg HTTP/1.1" 304 - "http://www.espacioperinatal.com/el-ciclo-vital-y-las-crisis-evolutivas/" "Mozilla/5.0 (Windows NT 10.0; Win64; x64) AppleWebKit/537.36 (KHTML, like Gecko) Chrome/62.0.3202.94 Safari/537.36"
190.236.27.188 - - [11/Dec/2017:02:06:39 +0100] "GET /wp-content/themes/Extra/images/star-full.svg HTTP/1.1" 200 455 "http://www.espacioperinatal.com/el-ciclo-vital-y-las-crisis-evolutivas/" "Mozilla/5.0 (Windows NT 10.0; Win64; x64) AppleWebKit/537.36 (KHTML, like Gecko) Chrome/62.0.3202.94 Safari/537.36"
190.236.27.188 - - [11/Dec/2017:02:06:40 +0100] "GET /wp-includes/js/mediaelement/controls.svg HTTP/1.1" 200 2591 "http://www.espacioperinatal.com/wp-includes/js/mediaelement/mediaelementplayer.min.css?ver=2.22.0" "Mozilla/5.0 (Windows NT 10.0; Win64; x64) AppleWebKit/537.36 (KHTML, like Gecko) Chrome/62.0.3202.94 Safari/537.36"
190.236.27.188 - - [11/Dec/2017:02:06:40 +0100] "GET /wp-includes/js/mediaelement/bigplay.svg HTTP/1.1" 200 478 "http://www.espacioperinatal.com/wp-includes/js/mediaelement/mediaelementplayer.min.css?ver=2.22.0" "Mozilla/5.0 (Windows NT 10.0; Win64; x64) AppleWebKit/537.36 (KHTML, like Gecko) Chrome/62.0.3202.94 Safari/537.36"
190.236.27.188 - - [11/Dec/2017:02:06:42 +0100] "GET /wp-content/uploads/2017/01/Esferas2-150x150.jpg HTTP/1.1" 304 - "http://www.espacioperinatal.com/el-ciclo-vital-y-las-crisis-evolutivas/" "Mozilla/5.0 (Windows NT 10.0; Win64; x64) AppleWebKit/537.36 (KHTML, like Gecko) Chrome/62.0.3202.94 Safari/537.36"
190.236.27.188 - - [11/Dec/2017:02:06:42 +0100] "GET /wp-content/uploads/2012/10/crisis.jpg HTTP/1.1" 200 105891 "http://www.espacioperinatal.com/el-ciclo-vital-y-las-crisis-evolutivas/" "Mozilla/5.0 (Windows NT 10.0; Win64; x64) AppleWebKit/537.36 (KHTML, like Gecko) Chrome/62.0.3202.94 Safari/537.36"
190.236.27.188 - - [11/Dec/2017:02:06:42 +0100] "GET /wp-content/uploads/2017/01/Esferas2.jpg HTTP/1.1" 304 - "http://www.espacioperinatal.com/el-ciclo-vital-y-las-crisis-evolutivas/" "Mozilla/5.0 (Windows NT 10.0; Win64; x64) AppleWebKit/537.36 (KHTML, like Gecko) Chrome/62.0.3202.94 Safari/537.36"
190.236.27.188 - - [11/Dec/2017:02:06:43 +0100] "GET /wp-content/uploads/2017/01/Esferas2-2.jpg HTTP/1.1" 304 - "http://www.espacioperinatal.com/el-ciclo-vital-y-las-crisis-evolutivas/" "Mozilla/5.0 (Windows NT 10.0; Win64; x64) AppleWebKit/537.36 (KHTML, like Gecko) Chrome/62.0.3202.94 Safari/537.36"
157.55.39.79 - - [11/Dec/2017:02:06:43 +0100] "GET /celebracion-primeras-jornadas-de-psicologia-perinatal/ HTTP/1.1" 200 22488 "-" "Mozilla/5.0 (compatible; bingbot/2.0; +http://www.bing.com/bingbot.htm)"
190.236.27.188 - - [11/Dec/2017:02:07:06 +0100] "GET /wp-content/plugins/bloom/css/fonts/ET-Bloom.woff?gd6mr8 HTTP/1.1" 200 3409 "http://www.espacioperinatal.com/wp-content/plugins/bloom/css/style.css?ver=1.2.20" "Mozilla/5.0 (Windows NT 10.0; Win64; x64) AppleWebKit/537.36 (KHTML, like Gecko) Chrome/62.0.3202.94 Safari/537.36"
190.236.27.188 - - [11/Dec/2017:02:07:06 +0100] "GET /wp-content/plugins/bloom/images/subscribe-loader.gif HTTP/1.1" 304 - "http://www.espacioperinatal.com/wp-content/plugins/bloom/css/style.css?ver=1.2.20" "Mozilla/5.0 (Windows NT 10.0; Win64; x64) AppleWebKit/537.36 (KHTML, like Gecko) Chrome/62.0.3202.94 Safari/537.36"
190.236.27.188 - - [11/Dec/2017:02:07:06 +0100] "POST /wp-admin/admin-ajax.php HTTP/1.1" 200 - "http://www.espacioperinatal.com/el-ciclo-vital-y-las-crisis-evolutivas/" "Mozilla/5.0 (Windows NT 10.0; Win64; x64) AppleWebKit/537.36 (KHTML, like Gecko) Chrome/62.0.3202.94 Safari/537.36"
179.28.216.130 - - [11/Dec/2017:02:07:09 +0100] "GET /wp-content/plugins/cookie-law-info/css/cli-style.css HTTP/1.1" 200 799 "http://www.espacioperinatal.com/la-madre-suficientemente-buena-winnicott/" "Mozilla/5.0 (Windows NT 6.1; WOW64) AppleWebKit/537.36 (KHTML, like Gecko) Chrome/62.0.3202.94 Safari/537.36"
179.28.216.130 - - [11/Dec/2017:02:07:08 +0100] "GET /wp-content/plugins/mailpoet/assets/css/public.cae357df.css HTTP/1.1" 200 522 "http://www.espacioperinatal.com/la-madre-suficientemente-buena-winnicott/" "Mozilla/5.0 (Windows NT 6.1; WOW64) AppleWebKit/537.36 (KHTML, like Gecko) Chrome/62.0.3202.94 Safari/537.36"
179.28.216.130 - - [11/Dec/2017:02:07:09 +0100] "GET /wp-content/plugins/wordpress-popular-posts/public/css/wpp.css HTTP/1.1" 200 591 "http://www.espacioperinatal.com/la-madre-suficientemente-buena-winnicott/" "Mozilla/5.0 (Windows NT 6.1; WOW64) AppleWebKit/537.36 (KHTML, like Gecko) Chrome/62.0.3202.94 Safari/537.36"
179.28.216.130 - - [11/Dec/2017:02:07:07 +0100] "GET /la-madre-suficientemente-buena-winnicott/ HTTP/1.1" 200 24191 "https://www.google.com.uy/" "Mozilla/5.0 (Windows NT 6.1; WOW64) AppleWebKit/537.36 (KHTML, like Gecko) Chrome/62.0.3202.94 Safari/537.36"
179.28.216.130 - - [11/Dec/2017:02:07:09 +0100] "GET /wp-content/themes/Extra-hijo/style.css HTTP/1.1" 200 315 "http://www.espacioperinatal.com/la-madre-suficientemente-buena-winnicott/" "Mozilla/5.0 (Windows NT 6.1; WOW64) AppleWebKit/537.36 (KHTML, like Gecko) Chrome/62.0.3202.94 Safari/537.36"
179.28.216.130 - - [11/Dec/2017:02:07:09 +0100] "GET /wp-content/plugins/elegantbuilder/style.css HTTP/1.1" 200 5079 "http://www.espacioperinatal.com/la-madre-suficientemente-buena-winnicott/" "Mozilla/5.0 (Windows NT 6.1; WOW64) AppleWebKit/537.36 (KHTML, like Gecko) Chrome/62.0.3202.94 Safari/537.36"
179.28.216.130 - - [11/Dec/2017:02:07:09 +0100] "GET /wp-includes/css/dashicons.min.css HTTP/1.1" 200 32599 "http://www.espacioperinatal.com/la-madre-suficientemente-buena-winnicott/" "Mozilla/5.0 (Windows NT 6.1; WOW64) AppleWebKit/537.36 (KHTML, like Gecko) Chrome/62.0.3202.94 Safari/537.36"
179.28.216.130 - - [11/Dec/2017:02:07:09 +0100] "GET /wp-content/plugins/monarch/css/style.css HTTP/1.1" 200 18075 "http://www.espacioperinatal.com/la-madre-suficientemente-buena-winnicott/" "Mozilla/5.0 (Windows NT 6.1; WOW64) AppleWebKit/537.36 (KHTML, like Gecko) Chrome/62.0.3202.94 Safari/537.36"
179.28.216.130 - - [11/Dec/2017:02:07:09 +0100] "GET /wp-content/themes/Extra/style.css HTTP/1.1" 200 101369 "http://www.espacioperinatal.com/la-madre-suficientemente-buena-winnicott/" "Mozilla/5.0 (Windows NT 6.1; WOW64) AppleWebKit/537.36 (KHTML, like Gecko) Chrome/62.0.3202.94 Safari/537.36"
179.28.216.130 - - [11/Dec/2017:02:07:11 +0100] "GET /wp-content/cache/et/699/et-core-unified-15111978048761.min.css HTTP/1.1" 200 3882 "http://www.espacioperinatal.com/la-madre-suficientemente-buena-winnicott/" "Mozilla/5.0 (Windows NT 6.1; WOW64) AppleWebKit/537.36 (KHTML, like Gecko) Chrome/62.0.3202.94 Safari/537.36"
176.223.111.212 - - [11/Dec/2017:02:07:10 +0100] "GET / HTTP/1.1" 301 - "-" "Mozilla/5.0 (Macintosh; Intel Mac OS X 10_7_3) AppleWebKit/535.20 (KHTML, like Gecko) Chrome/19.0.1036.7 Safari/535.20"
179.28.216.130 - - [11/Dec/2017:02:07:11 +0100] "GET /wp-includes/js/mediaelement/mediaelementplayer.min.css HTTP/1.1" 200 4268 "http://www.espacioperinatal.com/la-madre-suficientemente-buena-winnicott/" "Mozilla/5.0 (Windows NT 6.1; WOW64) AppleWebKit/537.36 (KHTML, like Gecko) Chrome/62.0.3202.94 Safari/537.36"
179.28.216.130 - - [11/Dec/2017:02:07:12 +0100] "GET /wp-includes/js/mediaelement/wp-mediaelement.min.css HTTP/1.1" 200 1338 "http://www.espacioperinatal.com/la-madre-suficientemente-buena-winnicott/" "Mozilla/5.0 (Windows NT 6.1; WOW64) AppleWebKit/537.36 (KHTML, like Gecko) Chrome/62.0.3202.94 Safari/537.36"
179.28.216.130 - - [11/Dec/2017:02:07:14 +0100] "GET /wp-content/plugins/drop-shadow-boxes/css/dropshadowboxes.css HTTP/1.1" 200 1868 "http://www.espacioperinatal.com/la-madre-suficientemente-buena-winnicott/" "Mozilla/5.0 (Windows NT 6.1; WOW64) AppleWebKit/537.36 (KHTML, like Gecko) Chrome/62.0.3202.94 Safari/537.36"
176.223.111.212 - - [11/Dec/2017:02:07:12 +0100] "GET / HTTP/1.1" 200 25521 "-" "Mozilla/5.0 (Macintosh; Intel Mac OS X 10_7_3) AppleWebKit/535.20 (KHTML, like Gecko) Chrome/19.0.1036.7 Safari/535.20"
179.28.216.130 - - [11/Dec/2017:02:07:15 +0100] "GET /wp-content/plugins/bloom/css/style.css HTTP/1.1" 200 14737 "http://www.espacioperinatal.com/la-madre-suficientemente-buena-winnicott/" "Mozilla/5.0 (Windows NT 6.1; WOW64) AppleWebKit/537.36 (KHTML, like Gecko) Chrome/62.0.3202.94 Safari/537.36"
176.223.111.212 - - [11/Dec/2017:02:07:14 +0100] "POST /wp-admin/admin-post.php?action=mailpoet_subscription_form HTTP/1.1" 302 - "http://www.espacioperinatal.com/" "Mozilla/5.0 (Macintosh; Intel Mac OS X 10_7_3) AppleWebKit/535.20 (KHTML, like Gecko) Chrome/19.0.1036.7 Safari/535.20"
179.28.216.130 - - [11/Dec/2017:02:07:16 +0100] "GET /wp-includes/js/jquery/jquery.js HTTP/1.1" 200 45745 "http://www.espacioperinatal.com/la-madre-suficientemente-buena-winnicott/" "Mozilla/5.0 (Windows NT 6.1; WOW64) AppleWebKit/537.36 (KHTML, like Gecko) Chrome/62.0.3202.94 Safari/537.36"
179.28.216.130 - - [11/Dec/2017:02:07:16 +0100] "GET /wp-includes/js/jquery/jquery-migrate.min.js HTTP/1.1" 200 4823 "http://www.espacioperinatal.com/la-madre-suficientemente-buena-winnicott/" "Mozilla/5.0 (Windows NT 6.1; WOW64) AppleWebKit/537.36 (KHTML, like Gecko) Chrome/62.0.3202.94 Safari/537.36"
179.28.216.130 - - [11/Dec/2017:02:07:16 +0100] "GET /wp-content/plugins/cookie-law-info/js/cookielawinfo.js HTTP/1.1" 200 1991 "http://www.espacioperinatal.com/la-madre-suficientemente-buena-winnicott/" "Mozilla/5.0 (Windows NT 6.1; WOW64) AppleWebKit/537.36 (KHTML, like Gecko) Chrome/62.0.3202.94 Safari/537.36"
179.28.216.130 - - [11/Dec/2017:02:07:16 +0100] "GET /wp-content/plugins/wordpress-popular-posts/public/js/wpp.js HTTP/1.1" 200 425 "http://www.espacioperinatal.com/la-madre-suficientemente-buena-winnicott/" "Mozilla/5.0 (Windows NT 6.1; WOW64) AppleWebKit/537.36 (KHTML, like Gecko) Chrome/62.0.3202.94 Safari/537.36"
176.223.111.212 - - [11/Dec/2017:02:07:17 +0100] "GET / HTTP/1.1" 301 - "-" "Mozilla/5.0 (Windows NT 5.1) AppleWebKit/535.1 (KHTML, like Gecko) Chrome/13.0.782.20 Safari/535.1"
179.28.216.130 - - [11/Dec/2017:02:07:18 +0100] "GET /wp-content/plugins/mailpoet/assets/js/vendor.501aa0d2.js HTTP/1.1" 200 49993 "http://www.espacioperinatal.com/la-madre-suficientemente-buena-winnicott/" "Mozilla/5.0 (Windows NT 6.1; WOW64) AppleWebKit/537.36 (KHTML, like Gecko) Chrome/62.0.3202.94 Safari/537.36"
176.223.111.212 - - [11/Dec/2017:02:07:15 +0100] "GET /?mailpoet_error=1 HTTP/1.1" 200 25587 "http://www.espacioperinatal.com/" "Mozilla/5.0 (Macintosh; Intel Mac OS X 10_7_3) AppleWebKit/535.20 (KHTML, like Gecko) Chrome/19.0.1036.7 Safari/535.20"
179.28.216.130 - - [11/Dec/2017:02:07:20 +0100] "GET /wp-content/plugins/cleantalk-spam-protect/inc/cleantalk_nocache.js HTTP/1.1" 200 2374 "http://www.espacioperinatal.com/la-madre-suficientemente-buena-winnicott/" "Mozilla/5.0 (Windows NT 6.1; WOW64) AppleWebKit/537.36 (KHTML, like Gecko) Chrome/62.0.3202.94 Safari/537.36"
179.28.216.130 - - [11/Dec/2017:02:07:20 +0100] "GET /wp-content/plugins/monarch/js/idle-timer.min.js HTTP/1.1" 200 1092 "http://www.espacioperinatal.com/la-madre-suficientemente-buena-winnicott/" "Mozilla/5.0 (Windows NT 6.1; WOW64) AppleWebKit/537.36 (KHTML, like Gecko) Chrome/62.0.3202.94 Safari/537.36"
179.28.216.130 - - [11/Dec/2017:02:07:20 +0100] "GET /wp-content/plugins/monarch/js/custom.js HTTP/1.1" 200 7353 "http://www.espacioperinatal.com/la-madre-suficientemente-buena-winnicott/" "Mozilla/5.0 (Windows NT 6.1; WOW64) AppleWebKit/537.36 (KHTML, like Gecko) Chrome/62.0.3202.94 Safari/537.36"
179.28.216.130 - - [11/Dec/2017:02:07:20 +0100] "GET /wp-content/plugins/mailpoet/assets/js/public.8173fe64.js HTTP/1.1" 200 58492 "http://www.espacioperinatal.com/la-madre-suficientemente-buena-winnicott/" "Mozilla/5.0 (Windows NT 6.1; WOW64) AppleWebKit/537.36 (KHTML, like Gecko) Chrome/62.0.3202.94 Safari/537.36"
179.28.216.130 - - [11/Dec/2017:02:07:20 +0100] "GET /wp-content/uploads/2012/10/madre-buena2.jpg HTTP/1.1" 304 - "http://www.espacioperinatal.com/la-madre-suficientemente-buena-winnicott/" "Mozilla/5.0 (Windows NT 6.1; WOW64) AppleWebKit/537.36 (KHTML, like Gecko) Chrome/62.0.3202.94 Safari/537.36"
179.28.216.130 - - [11/Dec/2017:02:07:20 +0100] "POST /wp-admin/admin-ajax.php HTTP/1.1" 200 61 "http://www.espacioperinatal.com/la-madre-suficientemente-buena-winnicott/" "Mozilla/5.0 (Windows NT 6.1; WOW64) AppleWebKit/537.36 (KHTML, like Gecko) Chrome/62.0.3202.94 Safari/537.36"
176.223.111.212 - - [11/Dec/2017:02:07:18 +0100] "GET / HTTP/1.1" 200 25521 "-" "Mozilla/5.0 (Windows NT 5.1) AppleWebKit/535.1 (KHTML, like Gecko) Chrome/13.0.782.20 Safari/535.1"
176.223.111.212 - - [11/Dec/2017:02:07:21 +0100] "POST /wp-admin/admin-post.php?action=mailpoet_subscription_form HTTP/1.1" 302 - "http://www.espacioperinatal.com/" "Mozilla/5.0 (Windows NT 5.1) AppleWebKit/535.1 (KHTML, like Gecko) Chrome/13.0.782.20 Safari/535.1"
176.223.111.212 - - [11/Dec/2017:02:07:22 +0100] "GET /?mailpoet_error=1 HTTP/1.1" 200 25583 "http://www.espacioperinatal.com/" "Mozilla/5.0 (Windows NT 5.1) AppleWebKit/535.1 (KHTML, like Gecko) Chrome/13.0.782.20 Safari/535.1"
190.236.27.188 - - [11/Dec/2017:02:07:26 +0100] "POST /wp-admin/admin-ajax.php HTTP/1.1" 200 - "http://www.espacioperinatal.com/el-ciclo-vital-y-las-crisis-evolutivas/" "Mozilla/5.0 (Windows NT 10.0; Win64; x64) AppleWebKit/537.36 (KHTML, like Gecko) Chrome/62.0.3202.94 Safari/537.36"
179.28.216.130 - - [11/Dec/2017:02:07:40 +0100] "GET /wp-includes/js/masonry.min.js HTTP/1.1" 200 11349 "http://www.espacioperinatal.com/la-madre-suficientemente-buena-winnicott/" "Mozilla/5.0 (Windows NT 6.1; WOW64) AppleWebKit/537.36 (KHTML, like Gecko) Chrome/62.0.3202.94 Safari/537.36"
179.28.216.130 - - [11/Dec/2017:02:07:39 +0100] "POST /wp-admin/admin-ajax.php?0.1874436543113862 HTTP/1.1" 200 30 "http://www.espacioperinatal.com/la-madre-suficientemente-buena-winnicott/" "Mozilla/5.0 (Windows NT 6.1; WOW64) AppleWebKit/537.36 (KHTML, like Gecko) Chrome/62.0.3202.94 Safari/537.36"
179.28.216.130 - - [11/Dec/2017:02:07:43 +0100] "GET /wp-content/themes/Extra/scripts/scripts.min.js HTTP/1.1" 200 106734 "http://www.espacioperinatal.com/la-madre-suficientemente-buena-winnicott/" "Mozilla/5.0 (Windows NT 6.1; WOW64) AppleWebKit/537.36 (KHTML, like Gecko) Chrome/62.0.3202.94 Safari/537.36"
179.28.216.130 - - [11/Dec/2017:02:07:44 +0100] "GET /wp-includes/js/wp-embed.min.js HTTP/1.1" 200 827 "http://www.espacioperinatal.com/la-madre-suficientemente-buena-winnicott/" "Mozilla/5.0 (Windows NT 6.1; WOW64) AppleWebKit/537.36 (KHTML, like Gecko) Chrome/62.0.3202.94 Safari/537.36"
179.28.216.130 - - [11/Dec/2017:02:07:44 +0100] "GET /wp-includes/js/mediaelement/mediaelement-and-player.min.js HTTP/1.1" 200 32004 "http://www.espacioperinatal.com/la-madre-suficientemente-buena-winnicott/" "Mozilla/5.0 (Windows NT 6.1; WOW64) AppleWebKit/537.36 (KHTML, like Gecko) Chrome/62.0.3202.94 Safari/537.36"
179.28.216.130 - - [11/Dec/2017:02:07:45 +0100] "GET /wp-includes/js/mediaelement/wp-mediaelement.min.js HTTP/1.1" 200 452 "http://www.espacioperinatal.com/la-madre-suficientemente-buena-winnicott/" "Mozilla/5.0 (Windows NT 6.1; WOW64) AppleWebKit/537.36 (KHTML, like Gecko) Chrome/62.0.3202.94 Safari/537.36"
179.28.216.130 - - [11/Dec/2017:02:07:49 +0100] "GET /wp-content/plugins/bloom/js/jquery.uniform.min.js HTTP/1.1" 200 3699 "http://www.espacioperinatal.com/la-madre-suficientemente-buena-winnicott/" "Mozilla/5.0 (Windows NT 6.1; WOW64) AppleWebKit/537.36 (KHTML, like Gecko) Chrome/62.0.3202.94 Safari/537.36"
179.28.216.130 - - [11/Dec/2017:02:07:49 +0100] "GET /wp-content/plugins/bloom/js/custom.js HTTP/1.1" 200 5754 "http://www.espacioperinatal.com/la-madre-suficientemente-buena-winnicott/" "Mozilla/5.0 (Windows NT 6.1; WOW64) AppleWebKit/537.36 (KHTML, like Gecko) Chrome/62.0.3202.94 Safari/537.36"
179.28.216.130 - - [11/Dec/2017:02:07:50 +0100] "GET /wp-content/plugins/bloom/js/idle-timer.min.js HTTP/1.1" 200 1092 "http://www.espacioperinatal.com/la-madre-suficientemente-buena-winnicott/" "Mozilla/5.0 (Windows NT 6.1; WOW64) AppleWebKit/537.36 (KHTML, like Gecko) Chrome/62.0.3202.94 Safari/537.36"
185.22.173.228 - - [11/Dec/2017:02:07:50 +0100] "GET / HTTP/1.1" 301 - "-" "Mozilla/5.0 (Windows NT 5.1) AppleWebKit/535.1 (KHTML, like Gecko) Chrome/14.0.809.0 Safari/535.1"
179.28.216.130 - - [11/Dec/2017:02:07:53 +0100] "GET /wp-includes/js/wp-emoji-release.min.js HTTP/1.1" 200 5084 "http://www.espacioperinatal.com/la-madre-suficientemente-buena-winnicott/" "Mozilla/5.0 (Windows NT 6.1; WOW64) AppleWebKit/537.36 (KHTML, like Gecko) Chrome/62.0.3202.94 Safari/537.36"
179.28.216.130 - - [11/Dec/2017:02:07:53 +0100] "GET /wp-content/uploads/2016/06/NUBES-web.jpg HTTP/1.1" 200 16236 "http://www.espacioperinatal.com/la-madre-suficientemente-buena-winnicott/" "Mozilla/5.0 (Windows NT 6.1; WOW64) AppleWebKit/537.36 (KHTML, like Gecko) Chrome/62.0.3202.94 Safari/537.36"
179.28.216.130 - - [11/Dec/2017:02:07:54 +0100] "GET /wp-content/uploads/2014/02/rostro-materno.jpeg HTTP/1.1" 200 59355 "http://www.espacioperinatal.com/la-madre-suficientemente-buena-winnicott/" "Mozilla/5.0 (Windows NT 6.1; WOW64) AppleWebKit/537.36 (KHTML, like Gecko) Chrome/62.0.3202.94 Safari/537.36"
179.28.216.130 - - [11/Dec/2017:02:07:55 +0100] "GET /wp-content/uploads/2016/03/imagen-comunicaci%C3%B3n-bebes1.jpg HTTP/1.1" 200 48325 "http://www.espacioperinatal.com/la-madre-suficientemente-buena-winnicott/" "Mozilla/5.0 (Windows NT 6.1; WOW64) AppleWebKit/537.36 (KHTML, like Gecko) Chrome/62.0.3202.94 Safari/537.36"
179.28.216.130 - - [11/Dec/2017:02:07:58 +0100] "GET /wp-content/uploads/2012/11/family-with-baby-4-1429944-639x892.jpg HTTP/1.1" 200 71054 "http://www.espacioperinatal.com/la-madre-suficientemente-buena-winnicott/" "Mozilla/5.0 (Windows NT 6.1; WOW64) AppleWebKit/537.36 (KHTML, like Gecko) Chrome/62.0.3202.94 Safari/537.36"
185.22.173.228 - - [11/Dec/2017:02:07:57 +0100] "GET / HTTP/1.1" 200 25521 "-" "Mozilla/5.0 (Windows NT 5.1) AppleWebKit/535.1 (KHTML, like Gecko) Chrome/14.0.809.0 Safari/535.1"
179.28.216.130 - - [11/Dec/2017:02:08:06 +0100] "POST /wp-admin/admin-ajax.php HTTP/1.1" 200 70 "http://www.espacioperinatal.com/la-madre-suficientemente-buena-winnicott/" "Mozilla/5.0 (Windows NT 6.1; WOW64) AppleWebKit/537.36 (KHTML, like Gecko) Chrome/62.0.3202.94 Safari/537.36"
179.28.216.130 - - [11/Dec/2017:02:08:06 +0100] "POST /wp-admin/admin-ajax.php HTTP/1.1" 200 21 "http://www.espacioperinatal.com/la-madre-suficientemente-buena-winnicott/" "Mozilla/5.0 (Windows NT 6.1; WOW64) AppleWebKit/537.36 (KHTML, like Gecko) Chrome/62.0.3202.94 Safari/537.36"
179.28.216.130 - - [11/Dec/2017:02:08:11 +0100] "POST /wp-admin/admin-ajax.php HTTP/1.1" 200 70 "http://www.espacioperinatal.com/la-madre-suficientemente-buena-winnicott/" "Mozilla/5.0 (Windows NT 6.1; WOW64) AppleWebKit/537.36 (KHTML, like Gecko) Chrome/62.0.3202.94 Safari/537.36"
179.28.216.130 - - [11/Dec/2017:02:08:13 +0100] "POST /wp-admin/admin-ajax.php HTTP/1.1" 200 70 "http://www.espacioperinatal.com/la-madre-suficientemente-buena-winnicott/" "Mozilla/5.0 (Windows NT 6.1; WOW64) AppleWebKit/537.36 (KHTML, like Gecko) Chrome/62.0.3202.94 Safari/537.36"
179.28.216.130 - - [11/Dec/2017:02:08:13 +0100] "POST /wp-admin/admin-ajax.php HTTP/1.1" 200 70 "http://www.espacioperinatal.com/la-madre-suficientemente-buena-winnicott/" "Mozilla/5.0 (Windows NT 6.1; WOW64) AppleWebKit/537.36 (KHTML, like Gecko) Chrome/62.0.3202.94 Safari/537.36"
179.28.216.130 - - [11/Dec/2017:02:08:13 +0100] "POST /wp-admin/admin-ajax.php HTTP/1.1" 200 70 "http://www.espacioperinatal.com/la-madre-suficientemente-buena-winnicott/" "Mozilla/5.0 (Windows NT 6.1; WOW64) AppleWebKit/537.36 (KHTML, like Gecko) Chrome/62.0.3202.94 Safari/537.36"
179.28.216.130 - - [11/Dec/2017:02:08:24 +0100] "GET /wp-content/uploads/2017/09/Conferencia-Verny-e1505595401828.jpg HTTP/1.1" 200 17518 "http://www.espacioperinatal.com/la-madre-suficientemente-buena-winnicott/" "Mozilla/5.0 (Windows NT 6.1; WOW64) AppleWebKit/537.36 (KHTML, like Gecko) Chrome/62.0.3202.94 Safari/537.36"
179.28.216.130 - - [11/Dec/2017:02:08:24 +0100] "GET /wp-content/themes/Extra/images/star-full.svg HTTP/1.1" 200 455 "http://www.espacioperinatal.com/la-madre-suficientemente-buena-winnicott/" "Mozilla/5.0 (Windows NT 6.1; WOW64) AppleWebKit/537.36 (KHTML, like Gecko) Chrome/62.0.3202.94 Safari/537.36"
179.28.216.130 - - [11/Dec/2017:02:08:26 +0100] "GET /wp-content/themes/Extra/fonts/ET-Extra.woff HTTP/1.1" 200 10486 "http://www.espacioperinatal.com/wp-content/themes/Extra/style.css?ver=4.8.4" "Mozilla/5.0 (Windows NT 6.1; WOW64) AppleWebKit/537.36 (KHTML, like Gecko) Chrome/62.0.3202.94 Safari/537.36"
179.28.216.130 - - [11/Dec/2017:02:08:28 +0100] "GET /wp-content/plugins/monarch/css/fonts/monarch.ttf HTTP/1.1" 200 11263 "http://www.espacioperinatal.com/wp-content/plugins/monarch/css/style.css?ver=1.3.22" "Mozilla/5.0 (Windows NT 6.1; WOW64) AppleWebKit/537.36 (KHTML, like Gecko) Chrome/62.0.3202.94 Safari/537.36"
179.28.216.130 - - [11/Dec/2017:02:08:28 +0100] "GET /wp-content/themes/Extra/core/admin/fonts/modules.ttf HTTP/1.1" 200 48573 "http://www.espacioperinatal.com/wp-content/themes/Extra/style.css?ver=4.8.4" "Mozilla/5.0 (Windows NT 6.1; WOW64) AppleWebKit/537.36 (KHTML, like Gecko) Chrome/62.0.3202.94 Safari/537.36"
189.147.200.45 - - [11/Dec/2017:02:08:34 +0100] "GET /wp-content/uploads/2013/11/rene-spitz2.jpg HTTP/1.1" 200 16187 "https://www.google.com.mx/" "Mozilla/5.0 (Windows NT 6.0; WOW64) AppleWebKit/537.36 (KHTML, like Gecko) Chrome/49.0.2623.112 Safari/537.36"
190.236.27.188 - - [11/Dec/2017:02:08:39 +0100] "GET /el-ciclo-vital-y-las-crisis-evolutivas/ HTTP/1.1" 200 23248 "https://www.google.com.pe/" "Mozilla/5.0 (Windows NT 10.0; Win64; x64) AppleWebKit/537.36 (KHTML, like Gecko) Chrome/62.0.3202.94 Safari/537.36"
190.236.27.188 - - [11/Dec/2017:02:08:41 +0100] "GET /wp-content/themes/Extra/images/post-format-thumb-text.svg HTTP/1.1" 200 576 "http://www.espacioperinatal.com/el-ciclo-vital-y-las-crisis-evolutivas/" "Mozilla/5.0 (Windows NT 10.0; Win64; x64) AppleWebKit/537.36 (KHTML, like Gecko) Chrome/62.0.3202.94 Safari/537.36"
190.236.27.188 - - [11/Dec/2017:02:08:42 +0100] "GET /wp-content/uploads/2012/12/s%C3%ADndrome-de-reemplazo-e1354576808767.jpg HTTP/1.1" 200 52702 "http://www.espacioperinatal.com/el-ciclo-vital-y-las-crisis-evolutivas/" "Mozilla/5.0 (Windows NT 10.0; Win64; x64) AppleWebKit/537.36 (KHTML, like Gecko) Chrome/62.0.3202.94 Safari/537.36"
190.236.27.188 - - [11/Dec/2017:02:08:42 +0100] "GET /wp-content/uploads/2016/01/harlow2-e1475769575278.jpg HTTP/1.1" 200 32355 "http://www.espacioperinatal.com/el-ciclo-vital-y-las-crisis-evolutivas/" "Mozilla/5.0 (Windows NT 10.0; Win64; x64) AppleWebKit/537.36 (KHTML, like Gecko) Chrome/62.0.3202.94 Safari/537.36"
190.236.27.188 - - [11/Dec/2017:02:08:42 +0100] "GET /wp-content/uploads/2013/07/buenaretales.jpg HTTP/1.1" 200 9919 "http://www.espacioperinatal.com/el-ciclo-vital-y-las-crisis-evolutivas/" "Mozilla/5.0 (Windows NT 10.0; Win64; x64) AppleWebKit/537.36 (KHTML, like Gecko) Chrome/62.0.3202.94 Safari/537.36"
190.236.27.188 - - [11/Dec/2017:02:08:41 +0100] "POST /wp-admin/admin-ajax.php HTTP/1.1" 200 61 "http://www.espacioperinatal.com/el-ciclo-vital-y-las-crisis-evolutivas/" "Mozilla/5.0 (Windows NT 10.0; Win64; x64) AppleWebKit/537.36 (KHTML, like Gecko) Chrome/62.0.3202.94 Safari/537.36"
190.236.27.188 - - [11/Dec/2017:02:08:42 +0100] "POST /wp-admin/admin-ajax.php HTTP/1.1" 200 70 "http://www.espacioperinatal.com/el-ciclo-vital-y-las-crisis-evolutivas/" "Mozilla/5.0 (Windows NT 10.0; Win64; x64) AppleWebKit/537.36 (KHTML, like Gecko) Chrome/62.0.3202.94 Safari/537.36"
190.236.27.188 - - [11/Dec/2017:02:08:42 +0100] "POST /wp-admin/admin-ajax.php HTTP/1.1" 200 71 "http://www.espacioperinatal.com/el-ciclo-vital-y-las-crisis-evolutivas/" "Mozilla/5.0 (Windows NT 10.0; Win64; x64) AppleWebKit/537.36 (KHTML, like Gecko) Chrome/62.0.3202.94 Safari/537.36"
190.236.27.188 - - [11/Dec/2017:02:08:42 +0100] "POST /wp-admin/admin-ajax.php HTTP/1.1" 200 70 "http://www.espacioperinatal.com/el-ciclo-vital-y-las-crisis-evolutivas/" "Mozilla/5.0 (Windows NT 10.0; Win64; x64) AppleWebKit/537.36 (KHTML, like Gecko) Chrome/62.0.3202.94 Safari/537.36"
190.236.27.188 - - [11/Dec/2017:02:08:42 +0100] "POST /wp-admin/admin-ajax.php HTTP/1.1" 200 22 "http://www.espacioperinatal.com/el-ciclo-vital-y-las-crisis-evolutivas/" "Mozilla/5.0 (Windows NT 10.0; Win64; x64) AppleWebKit/537.36 (KHTML, like Gecko) Chrome/62.0.3202.94 Safari/537.36"
190.236.27.188 - - [11/Dec/2017:02:08:42 +0100] "POST /wp-admin/admin-ajax.php HTTP/1.1" 200 70 "http://www.espacioperinatal.com/el-ciclo-vital-y-las-crisis-evolutivas/" "Mozilla/5.0 (Windows NT 10.0; Win64; x64) AppleWebKit/537.36 (KHTML, like Gecko) Chrome/62.0.3202.94 Safari/537.36"
190.236.27.188 - - [11/Dec/2017:02:08:43 +0100] "POST /wp-admin/admin-ajax.php HTTP/1.1" 200 70 "http://www.espacioperinatal.com/el-ciclo-vital-y-las-crisis-evolutivas/" "Mozilla/5.0 (Windows NT 10.0; Win64; x64) AppleWebKit/537.36 (KHTML, like Gecko) Chrome/62.0.3202.94 Safari/537.36"
179.28.216.130 - - [11/Dec/2017:02:08:46 +0100] "GET /wp-content/plugins/bloom/css/fonts/ET-Bloom.woff?gd6mr8 HTTP/1.1" 200 3409 "http://www.espacioperinatal.com/wp-content/plugins/bloom/css/style.css?ver=1.2.20" "Mozilla/5.0 (Windows NT 6.1; WOW64) AppleWebKit/537.36 (KHTML, like Gecko) Chrome/62.0.3202.94 Safari/537.36"
179.28.216.130 - - [11/Dec/2017:02:08:46 +0100] "GET /wp-content/plugins/bloom/images/subscribe-loader.gif HTTP/1.1" 200 1422 "http://www.espacioperinatal.com/wp-content/plugins/bloom/css/style.css?ver=1.2.20" "Mozilla/5.0 (Windows NT 6.1; WOW64) AppleWebKit/537.36 (KHTML, like Gecko) Chrome/62.0.3202.94 Safari/537.36"
179.28.216.130 - - [11/Dec/2017:02:08:46 +0100] "POST /wp-admin/admin-ajax.php HTTP/1.1" 200 - "http://www.espacioperinatal.com/la-madre-suficientemente-buena-winnicott/" "Mozilla/5.0 (Windows NT 6.1; WOW64) AppleWebKit/537.36 (KHTML, like Gecko) Chrome/62.0.3202.94 Safari/537.36"
179.28.216.130 - - [11/Dec/2017:02:08:48 +0100] "POST /wp-admin/admin-ajax.php HTTP/1.1" 200 - "http://www.espacioperinatal.com/la-madre-suficientemente-buena-winnicott/" "Mozilla/5.0 (Windows NT 6.1; WOW64) AppleWebKit/537.36 (KHTML, like Gecko) Chrome/62.0.3202.94 Safari/537.36"
179.28.216.130 - - [11/Dec/2017:02:08:59 +0100] "GET /wp-includes/js/mediaelement/controls.svg HTTP/1.1" 200 2591 "http://www.espacioperinatal.com/wp-includes/js/mediaelement/mediaelementplayer.min.css?ver=2.22.0" "Mozilla/5.0 (Windows NT 6.1; WOW64) AppleWebKit/537.36 (KHTML, like Gecko) Chrome/62.0.3202.94 Safari/537.36"
179.28.216.130 - - [11/Dec/2017:02:08:59 +0100] "GET /wp-includes/js/mediaelement/bigplay.svg HTTP/1.1" 200 478 "http://www.espacioperinatal.com/wp-includes/js/mediaelement/mediaelementplayer.min.css?ver=2.22.0" "Mozilla/5.0 (Windows NT 6.1; WOW64) AppleWebKit/537.36 (KHTML, like Gecko) Chrome/62.0.3202.94 Safari/537.36"
179.28.216.130 - - [11/Dec/2017:02:09:04 +0100] "GET /wp-content/uploads/2012/10/madre-buena2-300x184.jpg HTTP/1.1" 200 13054 "http://www.espacioperinatal.com/la-madre-suficientemente-buena-winnicott/" "Mozilla/5.0 (Windows NT 6.1; WOW64) AppleWebKit/537.36 (KHTML, like Gecko) Chrome/62.0.3202.94 Safari/537.36"
179.28.216.130 - - [11/Dec/2017:02:09:04 +0100] "GET /wp-content/uploads/2017/01/Esferas2-150x150.jpg HTTP/1.1" 200 2769 "http://www.espacioperinatal.com/la-madre-suficientemente-buena-winnicott/" "Mozilla/5.0 (Windows NT 6.1; WOW64) AppleWebKit/537.36 (KHTML, like Gecko) Chrome/62.0.3202.94 Safari/537.36"
179.28.216.130 - - [11/Dec/2017:02:09:05 +0100] "GET /wp-content/uploads/2017/01/Esferas2.jpg HTTP/1.1" 200 12152 "http://www.espacioperinatal.com/la-madre-suficientemente-buena-winnicott/" "Mozilla/5.0 (Windows NT 6.1; WOW64) AppleWebKit/537.36 (KHTML, like Gecko) Chrome/62.0.3202.94 Safari/537.36"
179.28.216.130 - - [11/Dec/2017:02:09:06 +0100] "GET /wp-content/uploads/2017/01/Esferas2-2.jpg HTTP/1.1" 200 12152 "http://www.espacioperinatal.com/la-madre-suficientemente-buena-winnicott/" "Mozilla/5.0 (Windows NT 6.1; WOW64) AppleWebKit/537.36 (KHTML, like Gecko) Chrome/62.0.3202.94 Safari/537.36"
179.28.216.130 - - [11/Dec/2017:02:09:39 +0100] "GET /la-madre-suficientemente-buena-winnicott/ HTTP/1.1" 200 24158 "https://www.google.com.uy/" "Mozilla/5.0 (Windows NT 6.1; WOW64) AppleWebKit/537.36 (KHTML, like Gecko) Chrome/62.0.3202.94 Safari/537.36"
179.28.216.130 - - [11/Dec/2017:02:09:42 +0100] "POST /wp-admin/admin-ajax.php HTTP/1.1" 200 61 "http://www.espacioperinatal.com/la-madre-suficientemente-buena-winnicott/" "Mozilla/5.0 (Windows NT 6.1; WOW64) AppleWebKit/537.36 (KHTML, like Gecko) Chrome/62.0.3202.94 Safari/537.36"
179.28.216.130 - - [11/Dec/2017:02:09:42 +0100] "GET /wp-content/uploads/2012/11/padre.jpg HTTP/1.1" 200 65555 "http://www.espacioperinatal.com/la-madre-suficientemente-buena-winnicott/" "Mozilla/5.0 (Windows NT 6.1; WOW64) AppleWebKit/537.36 (KHTML, like Gecko) Chrome/62.0.3202.94 Safari/537.36"
179.28.216.130 - - [11/Dec/2017:02:09:43 +0100] "GET /wp-content/uploads/2016/03/Depresi%C3%B3n.jpg HTTP/1.1" 200 68245 "http://www.espacioperinatal.com/la-madre-suficientemente-buena-winnicott/" "Mozilla/5.0 (Windows NT 6.1; WOW64) AppleWebKit/537.36 (KHTML, like Gecko) Chrome/62.0.3202.94 Safari/537.36"
179.28.216.130 - - [11/Dec/2017:02:09:43 +0100] "GET /wp-content/uploads/2015/08/mamacanguro2.jpg HTTP/1.1" 200 56267 "http://www.espacioperinatal.com/la-madre-suficientemente-buena-winnicott/" "Mozilla/5.0 (Windows NT 6.1; WOW64) AppleWebKit/537.36 (KHTML, like Gecko) Chrome/62.0.3202.94 Safari/537.36"
179.28.216.130 - - [11/Dec/2017:02:09:44 +0100] "POST /wp-admin/admin-ajax.php HTTP/1.1" 200 70 "http://www.espacioperinatal.com/la-madre-suficientemente-buena-winnicott/" "Mozilla/5.0 (Windows NT 6.1; WOW64) AppleWebKit/537.36 (KHTML, like Gecko) Chrome/62.0.3202.94 Safari/537.36"
179.28.216.130 - - [11/Dec/2017:02:09:44 +0100] "POST /wp-admin/admin-ajax.php HTTP/1.1" 200 21 "http://www.espacioperinatal.com/la-madre-suficientemente-buena-winnicott/" "Mozilla/5.0 (Windows NT 6.1; WOW64) AppleWebKit/537.36 (KHTML, like Gecko) Chrome/62.0.3202.94 Safari/537.36"
179.28.216.130 - - [11/Dec/2017:02:09:45 +0100] "POST /wp-admin/admin-ajax.php HTTP/1.1" 200 70 "http://www.espacioperinatal.com/la-madre-suficientemente-buena-winnicott/" "Mozilla/5.0 (Windows NT 6.1; WOW64) AppleWebKit/537.36 (KHTML, like Gecko) Chrome/62.0.3202.94 Safari/537.36"
179.28.216.130 - - [11/Dec/2017:02:09:51 +0100] "POST /wp-admin/admin-ajax.php HTTP/1.1" 200 70 "http://www.espacioperinatal.com/la-madre-suficientemente-buena-winnicott/" "Mozilla/5.0 (Windows NT 6.1; WOW64) AppleWebKit/537.36 (KHTML, like Gecko) Chrome/62.0.3202.94 Safari/537.36"
179.28.216.130 - - [11/Dec/2017:02:09:51 +0100] "POST /wp-admin/admin-ajax.php HTTP/1.1" 200 70 "http://www.espacioperinatal.com/la-madre-suficientemente-buena-winnicott/" "Mozilla/5.0 (Windows NT 6.1; WOW64) AppleWebKit/537.36 (KHTML, like Gecko) Chrome/62.0.3202.94 Safari/537.36"
185.22.173.228 - - [11/Dec/2017:02:22:52 +0100] "GET / HTTP/1.1" 301 - "-" "Mozilla/5.0 (Windows NT 5.1) AppleWebKit/534.25 (KHTML, like Gecko) Chrome/12.0.704.0 Safari/534.25"
185.22.173.228 - - [11/Dec/2017:02:37:37 +0100] "GET / HTTP/1.1" 301 - "-" "Mozilla/5.0 (Macintosh; Intel Mac OS X 10_6_8) AppleWebKit/535.2 (KHTML, like Gecko) Chrome/15.0.874.54 Safari/535.2"
204.236.201.166 - - [11/Dec/2017:02:40:36 +0100] "GET /wp-content/uploads/2012/10/padres-corazon2.jpg HTTP/1.1" 404 23403 "-" "Mozilla/5.0 (Macintosh; Intel Mac OS X 10.11; rv:49.0) Gecko/20100101 Firefox/49.0 (FlipboardProxy/1.2; +http://flipboard.com/browserproxy)"
201.102.129.188 - - [11/Dec/2017:02:42:44 +0100] "GET /wp-content/themes/Extra-hijo/style.css HTTP/1.1" 200 315 "http://www.espacioperinatal.com/consulta-psicologica-respuestas-a-preguntas-frecuentes/" "Mozilla/4.0 (compatible; MSIE 8.0; Windows NT 6.1; Trident/4.0; SLCC2; .NET CLR 2.0.50727; .NET CLR 3.5.30729; .NET CLR 3.0.30729; Media Center PC 6.0; InfoPath.3; BRI/2)"
201.102.129.188 - - [11/Dec/2017:02:42:44 +0100] "GET /wp-content/themes/Extra/scripts/ext/html5.js HTTP/1.1" 200 1277 "http://www.espacioperinatal.com/consulta-psicologica-respuestas-a-preguntas-frecuentes/" "Mozilla/4.0 (compatible; MSIE 8.0; Windows NT 6.1; Trident/4.0; SLCC2; .NET CLR 2.0.50727; .NET CLR 3.5.30729; .NET CLR 3.0.30729; Media Center PC 6.0; InfoPath.3; BRI/2)"
201.102.129.188 - - [11/Dec/2017:02:42:44 +0100] "GET /wp-content/plugins/cookie-law-info/css/cli-style.css HTTP/1.1" 200 799 "http://www.espacioperinatal.com/consulta-psicologica-respuestas-a-preguntas-frecuentes/" "Mozilla/4.0 (compatible; MSIE 8.0; Windows NT 6.1; Trident/4.0; SLCC2; .NET CLR 2.0.50727; .NET CLR 3.5.30729; .NET CLR 3.0.30729; Media Center PC 6.0; InfoPath.3; BRI/2)"
201.102.129.188 - - [11/Dec/2017:02:42:44 +0100] "GET /wp-content/plugins/monarch/css/style.css HTTP/1.1" 200 18075 "http://www.espacioperinatal.com/consulta-psicologica-respuestas-a-preguntas-frecuentes/" "Mozilla/4.0 (compatible; MSIE 8.0; Windows NT 6.1; Trident/4.0; SLCC2; .NET CLR 2.0.50727; .NET CLR 3.5.30729; .NET CLR 3.0.30729; Media Center PC 6.0; InfoPath.3; BRI/2)"
201.102.129.188 - - [11/Dec/2017:02:42:44 +0100] "GET /wp-includes/css/dashicons.min.css HTTP/1.1" 200 32599 "http://www.espacioperinatal.com/consulta-psicologica-respuestas-a-preguntas-frecuentes/" "Mozilla/4.0 (compatible; MSIE 8.0; Windows NT 6.1; Trident/4.0; SLCC2; .NET CLR 2.0.50727; .NET CLR 3.5.30729; .NET CLR 3.0.30729; Media Center PC 6.0; InfoPath.3; BRI/2)"
201.102.129.188 - - [11/Dec/2017:02:42:44 +0100] "GET /wp-includes/js/jquery/jquery.js HTTP/1.1" 200 45745 "http://www.espacioperinatal.com/consulta-psicologica-respuestas-a-preguntas-frecuentes/" "Mozilla/4.0 (compatible; MSIE 8.0; Windows NT 6.1; Trident/4.0; SLCC2; .NET CLR 2.0.50727; .NET CLR 3.5.30729; .NET CLR 3.0.30729; Media Center PC 6.0; InfoPath.3; BRI/2)"
201.102.129.188 - - [11/Dec/2017:02:42:44 +0100] "GET /wp-includes/js/jquery/jquery-migrate.min.js HTTP/1.1" 200 4823 "http://www.espacioperinatal.com/consulta-psicologica-respuestas-a-preguntas-frecuentes/" "Mozilla/4.0 (compatible; MSIE 8.0; Windows NT 6.1; Trident/4.0; SLCC2; .NET CLR 2.0.50727; .NET CLR 3.5.30729; .NET CLR 3.0.30729; Media Center PC 6.0; InfoPath.3; BRI/2)"
201.102.129.188 - - [11/Dec/2017:02:42:44 +0100] "GET /wp-content/plugins/cookie-law-info/js/cookielawinfo.js HTTP/1.1" 200 1991 "http://www.espacioperinatal.com/consulta-psicologica-respuestas-a-preguntas-frecuentes/" "Mozilla/4.0 (compatible; MSIE 8.0; Windows NT 6.1; Trident/4.0; SLCC2; .NET CLR 2.0.50727; .NET CLR 3.5.30729; .NET CLR 3.0.30729; Media Center PC 6.0; InfoPath.3; BRI/2)"
201.102.129.188 - - [11/Dec/2017:02:42:44 +0100] "GET /wp-content/cache/et/global/et-extra-customizer-global-15111792241461.min.css HTTP/1.1" 200 3611 "http://www.espacioperinatal.com/consulta-psicologica-respuestas-a-preguntas-frecuentes/" "Mozilla/4.0 (compatible; MSIE 8.0; Windows NT 6.1; Trident/4.0; SLCC2; .NET CLR 2.0.50727; .NET CLR 3.5.30729; .NET CLR 3.0.30729; Media Center PC 6.0; InfoPath.3; BRI/2)"
201.102.129.188 - - [11/Dec/2017:02:42:41 +0100] "GET /consulta-psicologica-respuestas-a-preguntas-frecuentes/ HTTP/1.1" 200 24112 "http://www.google.es/url?url=http://www.espacioperinatal.com/consulta-psicologica-respuestas-a-preguntas-frecuentes/&rct=j&frm=1&q=&esrc=s&sa=U&ved=0ahUKEwiwmb2u6oDYAhWKKyYKHbXuAbQ4UBDBbggeMAQ&usg=AOvVaw2CxO80kgwCheA89ZINWORP" "Mozilla/4.0 (compatible; MSIE 8.0; Windows NT 6.1; Trident/4.0; SLCC2; .NET CLR 2.0.50727; .NET CLR 3.5.30729; .NET CLR 3.0.30729; Media Center PC 6.0; InfoPath.3; BRI/2)"
201.102.129.188 - - [11/Dec/2017:02:42:44 +0100] "GET /wp-content/plugins/mailpoet/assets/css/public.cae357df.css HTTP/1.1" 200 522 "http://www.espacioperinatal.com/consulta-psicologica-respuestas-a-preguntas-frecuentes/" "Mozilla/4.0 (compatible; MSIE 8.0; Windows NT 6.1; Trident/4.0; SLCC2; .NET CLR 2.0.50727; .NET CLR 3.5.30729; .NET CLR 3.0.30729; Media Center PC 6.0; InfoPath.3; BRI/2)"
201.102.129.188 - - [11/Dec/2017:02:42:44 +0100] "GET /wp-content/plugins/wordpress-popular-posts/public/css/wpp.css HTTP/1.1" 200 591 "http://www.espacioperinatal.com/consulta-psicologica-respuestas-a-preguntas-frecuentes/" "Mozilla/4.0 (compatible; MSIE 8.0; Windows NT 6.1; Trident/4.0; SLCC2; .NET CLR 2.0.50727; .NET CLR 3.5.30729; .NET CLR 3.0.30729; Media Center PC 6.0; InfoPath.3; BRI/2)"
201.102.129.188 - - [11/Dec/2017:02:42:44 +0100] "GET /wp-content/plugins/elegantbuilder/style.css HTTP/1.1" 200 5079 "http://www.espacioperinatal.com/consulta-psicologica-respuestas-a-preguntas-frecuentes/" "Mozilla/4.0 (compatible; MSIE 8.0; Windows NT 6.1; Trident/4.0; SLCC2; .NET CLR 2.0.50727; .NET CLR 3.5.30729; .NET CLR 3.0.30729; Media Center PC 6.0; InfoPath.3; BRI/2)"
201.102.129.188 - - [11/Dec/2017:02:42:44 +0100] "GET /wp-content/themes/Extra/style.css HTTP/1.1" 200 101369 "http://www.espacioperinatal.com/consulta-psicologica-respuestas-a-preguntas-frecuentes/" "Mozilla/4.0 (compatible; MSIE 8.0; Windows NT 6.1; Trident/4.0; SLCC2; .NET CLR 2.0.50727; .NET CLR 3.5.30729; .NET CLR 3.0.30729; Media Center PC 6.0; InfoPath.3; BRI/2)"
201.102.129.188 - - [11/Dec/2017:02:42:44 +0100] "GET /wp-content/plugins/wordpress-popular-posts/public/js/wpp.js HTTP/1.1" 200 425 "http://www.espacioperinatal.com/consulta-psicologica-respuestas-a-preguntas-frecuentes/" "Mozilla/4.0 (compatible; MSIE 8.0; Windows NT 6.1; Trident/4.0; SLCC2; .NET CLR 2.0.50727; .NET CLR 3.5.30729; .NET CLR 3.0.30729; Media Center PC 6.0; InfoPath.3; BRI/2)"
201.102.129.188 - - [11/Dec/2017:02:42:44 +0100] "GET /wp-includes/js/wp-emoji-release.min.js HTTP/1.1" 200 5084 "http://www.espacioperinatal.com/consulta-psicologica-respuestas-a-preguntas-frecuentes/" "Mozilla/4.0 (compatible; MSIE 8.0; Windows NT 6.1; Trident/4.0; SLCC2; .NET CLR 2.0.50727; .NET CLR 3.5.30729; .NET CLR 3.0.30729; Media Center PC 6.0; InfoPath.3; BRI/2)"
201.102.129.188 - - [11/Dec/2017:02:42:45 +0100] "GET /wp-content/plugins/monarch/css/fonts/monarch.eot HTTP/1.1" 200 11334 "http://www.espacioperinatal.com/consulta-psicologica-respuestas-a-preguntas-frecuentes/" "Mozilla/4.0 (compatible; MSIE 8.0; Windows NT 6.1; Trident/4.0; SLCC2; .NET CLR 2.0.50727; .NET CLR 3.5.30729; .NET CLR 3.0.30729; Media Center PC 6.0; InfoPath.3; BRI/2)"
201.102.129.188 - - [11/Dec/2017:02:42:45 +0100] "GET /wp-content/themes/Extra/core/admin/fonts/modules.eot HTTP/1.1" 200 48631 "http://www.espacioperinatal.com/consulta-psicologica-respuestas-a-preguntas-frecuentes/" "Mozilla/4.0 (compatible; MSIE 8.0; Windows NT 6.1; Trident/4.0; SLCC2; .NET CLR 2.0.50727; .NET CLR 3.5.30729; .NET CLR 3.0.30729; Media Center PC 6.0; InfoPath.3; BRI/2)"
201.102.129.188 - - [11/Dec/2017:02:42:45 +0100] "GET /wp-includes/fonts/dashicons.eot HTTP/1.1" 200 22772 "http://www.espacioperinatal.com/consulta-psicologica-respuestas-a-preguntas-frecuentes/" "Mozilla/4.0 (compatible; MSIE 8.0; Windows NT 6.1; Trident/4.0; SLCC2; .NET CLR 2.0.50727; .NET CLR 3.5.30729; .NET CLR 3.0.30729; Media Center PC 6.0; InfoPath.3; BRI/2)"
201.102.129.188 - - [11/Dec/2017:02:42:45 +0100] "GET /wp-content/uploads/2013/02/homepage.jpg HTTP/1.1" 200 14167 "http://www.espacioperinatal.com/consulta-psicologica-respuestas-a-preguntas-frecuentes/" "Mozilla/4.0 (compatible; MSIE 8.0; Windows NT 6.1; Trident/4.0; SLCC2; .NET CLR 2.0.50727; .NET CLR 3.5.30729; .NET CLR 3.0.30729; Media Center PC 6.0; InfoPath.3; BRI/2)"
201.102.129.188 - - [11/Dec/2017:02:42:45 +0100] "GET /wp-content/uploads/2013/07/feliz-acontecimiento.jpg HTTP/1.1" 200 59472 "http://www.espacioperinatal.com/consulta-psicologica-respuestas-a-preguntas-frecuentes/" "Mozilla/4.0 (compatible; MSIE 8.0; Windows NT 6.1; Trident/4.0; SLCC2; .NET CLR 2.0.50727; .NET CLR 3.5.30729; .NET CLR 3.0.30729; Media Center PC 6.0; InfoPath.3; BRI/2)"
201.102.129.188 - - [11/Dec/2017:02:42:45 +0100] "GET /wp-content/uploads/2017/01/logo-espacio-perinatal-2016_t-10.png HTTP/1.1" 304 - "http://www.espacioperinatal.com/consulta-psicologica-respuestas-a-preguntas-frecuentes/" "Mozilla/4.0 (compatible; MSIE 8.0; Windows NT 6.1; Trident/4.0; SLCC2; .NET CLR 2.0.50727; .NET CLR 3.5.30729; .NET CLR 3.0.30729; Media Center PC 6.0; InfoPath.3; BRI/2)"
201.102.129.188 - - [11/Dec/2017:02:42:46 +0100] "GET /wp-content/uploads/2015/08/angel-1212559_1920-PIXABAYred.jpg HTTP/1.1" 200 129432 "http://www.espacioperinatal.com/consulta-psicologica-respuestas-a-preguntas-frecuentes/" "Mozilla/4.0 (compatible; MSIE 8.0; Windows NT 6.1; Trident/4.0; SLCC2; .NET CLR 2.0.50727; .NET CLR 3.5.30729; .NET CLR 3.0.30729; Media Center PC 6.0; InfoPath.3; BRI/2)"
201.102.129.188 - - [11/Dec/2017:02:42:46 +0100] "GET /wp-content/uploads/2015/08/terapia.jpg HTTP/1.1" 200 172328 "http://www.espacioperinatal.com/consulta-psicologica-respuestas-a-preguntas-frecuentes/" "Mozilla/4.0 (compatible; MSIE 8.0; Windows NT 6.1; Trident/4.0; SLCC2; .NET CLR 2.0.50727; .NET CLR 3.5.30729; .NET CLR 3.0.30729; Media Center PC 6.0; InfoPath.3; BRI/2)"
201.102.129.188 - - [11/Dec/2017:02:42:46 +0100] "GET /wp-content/uploads/2013/06/return-to-zero-300x292.png HTTP/1.1" 200 20445 "http://www.espacioperinatal.com/consulta-psicologica-respuestas-a-preguntas-frecuentes/" "Mozilla/4.0 (compatible; MSIE 8.0; Windows NT 6.1; Trident/4.0; SLCC2; .NET CLR 2.0.50727; .NET CLR 3.5.30729; .NET CLR 3.0.30729; Media Center PC 6.0; InfoPath.3; BRI/2)"
201.102.129.188 - - [11/Dec/2017:02:42:46 +0100] "GET /wp-content/uploads/2016/03/consulta-300x251.jpg HTTP/1.1" 304 - "http://www.espacioperinatal.com/consulta-psicologica-respuestas-a-preguntas-frecuentes/" "Mozilla/4.0 (compatible; MSIE 8.0; Windows NT 6.1; Trident/4.0; SLCC2; .NET CLR 2.0.50727; .NET CLR 3.5.30729; .NET CLR 3.0.30729; Media Center PC 6.0; InfoPath.3; BRI/2)"
201.102.129.188 - - [11/Dec/2017:02:42:46 +0100] "GET /wp-content/uploads/2017/02/Aerial06.jpg HTTP/1.1" 304 - "http://www.espacioperinatal.com/consulta-psicologica-respuestas-a-preguntas-frecuentes/" "Mozilla/4.0 (compatible; MSIE 8.0; Windows NT 6.1; Trident/4.0; SLCC2; .NET CLR 2.0.50727; .NET CLR 3.5.30729; .NET CLR 3.0.30729; Media Center PC 6.0; InfoPath.3; BRI/2)"
201.102.129.188 - - [11/Dec/2017:02:42:46 +0100] "GET /wp-content/uploads/wordpress-popular-posts/799-featured-50x50.jpg HTTP/1.1" 304 - "http://www.espacioperinatal.com/consulta-psicologica-respuestas-a-preguntas-frecuentes/" "Mozilla/4.0 (compatible; MSIE 8.0; Windows NT 6.1; Trident/4.0; SLCC2; .NET CLR 2.0.50727; .NET CLR 3.5.30729; .NET CLR 3.0.30729; Media Center PC 6.0; InfoPath.3; BRI/2)"
201.102.129.188 - - [11/Dec/2017:02:42:46 +0100] "GET /wp-content/uploads/wordpress-popular-posts/1655-featured-50x50.jpg HTTP/1.1" 304 - "http://www.espacioperinatal.com/consulta-psicologica-respuestas-a-preguntas-frecuentes/" "Mozilla/4.0 (compatible; MSIE 8.0; Windows NT 6.1; Trident/4.0; SLCC2; .NET CLR 2.0.50727; .NET CLR 3.5.30729; .NET CLR 3.0.30729; Media Center PC 6.0; InfoPath.3; BRI/2)"
201.102.129.188 - - [11/Dec/2017:02:42:47 +0100] "GET /wp-content/uploads/wordpress-popular-posts/699-featured-50x50.jpg HTTP/1.1" 304 - "http://www.espacioperinatal.com/consulta-psicologica-respuestas-a-preguntas-frecuentes/" "Mozilla/4.0 (compatible; MSIE 8.0; Windows NT 6.1; Trident/4.0; SLCC2; .NET CLR 2.0.50727; .NET CLR 3.5.30729; .NET CLR 3.0.30729; Media Center PC 6.0; InfoPath.3; BRI/2)"
201.102.129.188 - - [11/Dec/2017:02:42:47 +0100] "GET /wp-content/uploads/wordpress-popular-posts/3339-featured-50x50.jpg HTTP/1.1" 304 - "http://www.espacioperinatal.com/consulta-psicologica-respuestas-a-preguntas-frecuentes/" "Mozilla/4.0 (compatible; MSIE 8.0; Windows NT 6.1; Trident/4.0; SLCC2; .NET CLR 2.0.50727; .NET CLR 3.5.30729; .NET CLR 3.0.30729; Media Center PC 6.0; InfoPath.3; BRI/2)"
201.102.129.188 - - [11/Dec/2017:02:42:47 +0100] "GET /wp-content/uploads/wordpress-popular-posts/2213-featured-50x50.jpg HTTP/1.1" 304 - "http://www.espacioperinatal.com/consulta-psicologica-respuestas-a-preguntas-frecuentes/" "Mozilla/4.0 (compatible; MSIE 8.0; Windows NT 6.1; Trident/4.0; SLCC2; .NET CLR 2.0.50727; .NET CLR 3.5.30729; .NET CLR 3.0.30729; Media Center PC 6.0; InfoPath.3; BRI/2)"
201.102.129.188 - - [11/Dec/2017:02:42:47 +0100] "GET /wp-content/uploads/wordpress-popular-posts/1896-featured-50x50.jpg HTTP/1.1" 304 - "http://www.espacioperinatal.com/consulta-psicologica-respuestas-a-preguntas-frecuentes/" "Mozilla/4.0 (compatible; MSIE 8.0; Windows NT 6.1; Trident/4.0; SLCC2; .NET CLR 2.0.50727; .NET CLR 3.5.30729; .NET CLR 3.0.30729; Media Center PC 6.0; InfoPath.3; BRI/2)"
